
  [30;43;1m WARN [39;49;22m Your XML configuration validates against a deprecated schema. Migrate your XML configuration using "--migrate-configuration"!

   PASS  Tests\Unit\ExampleTest
  Ô£ô that true is true                 0.07s  

   FAIL  Tests\Feature\DispositivoControllerTest
  Ô¿» sync now dispatches job
  Ô¿» test connection uses zk service

   FAIL  Tests\Feature\DispositivoEmpleadoCrudTest
  Ô¿» admin can store new dispositivo empleado
  Ô¿» store fails if zk user id is not unique for the same device

   FAIL  Tests\Feature\ExampleTest
  Ô¿» the application returns a succesÔÇª 0.25s  
  ÔöÇÔöÇÔöÇÔöÇÔöÇÔöÇÔöÇÔöÇÔöÇÔöÇÔöÇÔöÇÔöÇÔöÇÔöÇÔöÇÔöÇÔöÇÔöÇÔöÇÔöÇÔöÇÔöÇÔöÇÔöÇÔöÇÔöÇÔöÇÔöÇÔöÇÔöÇÔöÇÔöÇÔöÇÔöÇÔöÇÔöÇÔöÇÔöÇÔöÇÔöÇ  
   FAILED  Tests\FeatureÔÇª  QueryException   
  SQLSTATE[23000]: Integrity constraint violation: 19 CHECK constraint failed: tipo (Connection: sqlite, SQL: insert into "dispositivos" ("sucursal_id", "nombre_dispositivo", "tipo", "numero_serie", "direccion_ip", "puerto", "ubicacion", "estado", "updated_at", "created_at") values (1, reiciendis Device, biometrico, 7409fb59-9fd5-3df4-9d59-adf4626003e2, 87.105.53.236, 4370, sed, activo, 2025-12-01 20:34:50, 2025-12-01 20:34:50))

  at vendor\laravel\framework\src\Illuminate\Database\Connection.php:829
    825Ôûò                     $this->getName(), $query, $this->prepareBindings($bindings), $e
    826Ôûò                 );
    827Ôûò             }
    828Ôûò 
  Ô×£ 829Ôûò             throw new QueryException(
    830Ôûò                 $this->getName(), $query, $this->prepareBindings($bindings), $e
    831Ôûò             );
    832Ôûò         }
    833Ôûò     }

  1   vendor\laravel\framework\src\Illuminate\Database\Connection.php:829

  2   vendor\laravel\framework\src\Illuminate\Database\Connection.php:587
      NunoMaduro\Collision\Exceptions\TestException::("SQLSTATE[23000]: Integrity constraint violation: 19 CHECK constraint failed: tipo")

  ÔöÇÔöÇÔöÇÔöÇÔöÇÔöÇÔöÇÔöÇÔöÇÔöÇÔöÇÔöÇÔöÇÔöÇÔöÇÔöÇÔöÇÔöÇÔöÇÔöÇÔöÇÔöÇÔöÇÔöÇÔöÇÔöÇÔöÇÔöÇÔöÇÔöÇÔöÇÔöÇÔöÇÔöÇÔöÇÔöÇÔöÇÔöÇÔöÇÔöÇÔöÇ  
   FAILED  Tests\FeatureÔÇª  QueryException   
  SQLSTATE[23000]: Integrity constraint violation: 19 CHECK constraint failed: tipo (Connection: sqlite, SQL: insert into "dispositivos" ("sucursal_id", "nombre_dispositivo", "tipo", "numero_serie", "direccion_ip", "puerto", "ubicacion", "estado", "updated_at", "created_at") values (1, quia Device, biometrico, 1d40fb66-cb48-35e3-86fe-e88ea7fab552, 6.209.212.146, 4370, temporibus, activo, 2025-12-01 20:34:50, 2025-12-01 20:34:50))

  at vendor\laravel\framework\src\Illuminate\Database\Connection.php:829
    825Ôûò                     $this->getName(), $query, $this->prepareBindings($bindings), $e
    826Ôûò                 );
    827Ôûò             }
    828Ôûò 
  Ô×£ 829Ôûò             throw new QueryException(
    830Ôûò                 $this->getName(), $query, $this->prepareBindings($bindings), $e
    831Ôûò             );
    832Ôûò         }
    833Ôûò     }

  1   vendor\laravel\framework\src\Illuminate\Database\Connection.php:829

  2   vendor\laravel\framework\src\Illuminate\Database\Connection.php:587
      NunoMaduro\Collision\Exceptions\TestException::("SQLSTATE[23000]: Integrity constraint violation: 19 CHECK constraint failed: tipo")

  ÔöÇÔöÇÔöÇÔöÇÔöÇÔöÇÔöÇÔöÇÔöÇÔöÇÔöÇÔöÇÔöÇÔöÇÔöÇÔöÇÔöÇÔöÇÔöÇÔöÇÔöÇÔöÇÔöÇÔöÇÔöÇÔöÇÔöÇÔöÇÔöÇÔöÇÔöÇÔöÇÔöÇÔöÇÔöÇÔöÇÔöÇÔöÇÔöÇÔöÇÔöÇ  
   FAILED  Tests\FeatureÔÇª  QueryException   
  SQLSTATE[23000]: Integrity constraint violation: 19 NOT NULL constraint failed: empleados.codigo_empleado (Connection: sqlite, SQL: insert into "empleados" ("empresa_id", "departamento_id", "nombres", "apellidos", "email", "estado", "dni", "updated_at", "created_at") values (1, 1, Geovanny, Rohan, jett10@example.com, activo, 57078985, 2025-12-01 20:34:50, 2025-12-01 20:34:50))

  at vendor\laravel\framework\src\Illuminate\Database\Connection.php:829
    825Ôûò                     $this->getName(), $query, $this->prepareBindings($bindings), $e
    826Ôûò                 );
    827Ôûò             }
    828Ôûò 
  Ô×£ 829Ôûò             throw new QueryException(
    830Ôûò                 $this->getName(), $query, $this->prepareBindings($bindings), $e
    831Ôûò             );
    832Ôûò         }
    833Ôûò     }

  1   vendor\laravel\framework\src\Illuminate\Database\Connection.php:829

  2   vendor\laravel\framework\src\Illuminate\Database\Connection.php:587
      NunoMaduro\Collision\Exceptions\TestException::("SQLSTATE[23000]: Integrity constraint violation: 19 NOT NULL constraint failed: empleados.codigo_empleado")

  ÔöÇÔöÇÔöÇÔöÇÔöÇÔöÇÔöÇÔöÇÔöÇÔöÇÔöÇÔöÇÔöÇÔöÇÔöÇÔöÇÔöÇÔöÇÔöÇÔöÇÔöÇÔöÇÔöÇÔöÇÔöÇÔöÇÔöÇÔöÇÔöÇÔöÇÔöÇÔöÇÔöÇÔöÇÔöÇÔöÇÔöÇÔöÇÔöÇÔöÇÔöÇ  
   FAILED  Tests\FeatureÔÇª  QueryException   
  SQLSTATE[23000]: Integrity constraint violation: 19 NOT NULL constraint failed: empleados.codigo_empleado (Connection: sqlite, SQL: insert into "empleados" ("empresa_id", "departamento_id", "nombres", "apellidos", "email", "estado", "dni", "updated_at", "created_at") values (1, 1, Jerrell, Marquardt, ikshlerin@example.net, activo, 29367838, 2025-12-01 20:34:50, 2025-12-01 20:34:50))

  at vendor\laravel\framework\src\Illuminate\Database\Connection.php:829
    825Ôûò                     $this->getName(), $query, $this->prepareBindings($bindings), $e
    826Ôûò                 );
    827Ôûò             }
    828Ôûò 
  Ô×£ 829Ôûò             throw new QueryException(
    830Ôûò                 $this->getName(), $query, $this->prepareBindings($bindings), $e
    831Ôûò             );
    832Ôûò         }
    833Ôûò     }

  1   vendor\laravel\framework\src\Illuminate\Database\Connection.php:829

  2   vendor\laravel\framework\src\Illuminate\Database\Connection.php:587
      NunoMaduro\Collision\Exceptions\TestException::("SQLSTATE[23000]: Integrity constraint violation: 19 NOT NULL constraint failed: empleados.codigo_empleado")

  ÔöÇÔöÇÔöÇÔöÇÔöÇÔöÇÔöÇÔöÇÔöÇÔöÇÔöÇÔöÇÔöÇÔöÇÔöÇÔöÇÔöÇÔöÇÔöÇÔöÇÔöÇÔöÇÔöÇÔöÇÔöÇÔöÇÔöÇÔöÇÔöÇÔöÇÔöÇÔöÇÔöÇÔöÇÔöÇÔöÇÔöÇÔöÇÔöÇÔöÇÔöÇ  
   FAILED  Tests\Feature\ExampleTest > thÔÇª   
  Expected response status code [200] but received 302.
Failed asserting that 302 is identical to 200.

  at tests\Feature\ExampleTest.php:19
     15Ôûò     public function test_the_application_returns_a_successful_response()
     16Ôûò     {
     17Ôûò         $response = $this->get('/');
     18Ôûò 
  Ô×£  19Ôûò         $response->assertStatus(200);
     20Ôûò     }
     21Ôûò }
     22Ôûò


  Tests:    5 failed, 1 passed (2 assertions)
  Duration: 3.12s

